// Jest Snapshot v1, https://goo.gl/fbAQLP

exports[`Page 404 Matches the snapshot 1`] = `<Error />`;
