// Jest Snapshot v1, https://goo.gl/fbAQLP

exports[`Navbar Matches the snapshot 1`] = `<NavBarLanding />`;
